I'm printing my thing: string thing
String printer returned: string thing
I'm printing my thing: A new string thing
String printer returned: A new string thing
I'm printing my thing: 69
String printer returned: 69
I'm printing my thing: A new string thing
Thing printer printer returned: A new string thing
